detail:
  default:
    exits:
      east:
        target: "scene:aber:golden:golden36"
      west:
        guarded: true
        target: "scene:aber:golden:golden38"
    short: &+WEntrance to the Treasury&*
    sight: >
      Standing in front of a massive bronze door, you are confused as to how anyone, or anything for that
      matter, can get past it. There are two torches hanging from the wall opposite each other.
flag:
  - dark
